// Jest Snapshot v1, https://goo.gl/fbAQLP

exports[`Tests TodoList component Should display correctly 1`] = `
Array [
  <TodoListItem
    handleRemove={[MockFunction]}
    handleToggle={[MockFunction]}
    index={0}
    key="1"
    todo={
      Object {
        "desc": "Learn React",
        "done": true,
        "id": 1,
      }
    }
  />,
  <TodoListItem
    handleRemove={[MockFunction]}
    handleToggle={[MockFunction]}
    index={1}
    key="2"
    todo={
      Object {
        "desc": "Learn Redux",
        "done": false,
        "id": 2,
      }
    }
  />,
]
`;
