// Jest Snapshot v1, https://goo.gl/fbAQLP

exports[`Test TodoAdd component Should display correctly 1`] = `
<Fragment>
  <h4>
    Add TODO
  </h4>
  <hr />
  <form
    className="mt-2"
    onSubmit={[Function]}
  >
    <input
      autoComplete="off"
      autoFocus="on"
      className="form-control"
      name="description"
      onChange={[Function]}
      placeholder="Learn ..."
      type="text"
      value=""
    />
    <button
      className="btn btn-warning"
      type="submit"
    >
      ADD
    </button>
  </form>
</Fragment>
`;
