// Jest Snapshot v1, https://goo.gl/fbAQLP

exports[`Tests HookApp component Should display correctly 1`] = `
<Fragment>
  <h1>
    Hello World
  </h1>
</Fragment>
`;
