// Jest Snapshot v1, https://goo.gl/fbAQLP

exports[`Tests HomeScreen component Should display correctly 1`] = `
Array [
  <h1>
    HomeScreen
  </h1>,
  <hr />,
  <pre>
    {
   "name": "joalbert",
   "email": "joalbertgonzalez@gmail.com"
}
  </pre>,
]
`;
